// 重构日志: fdf84fbf
// 重构日志: 909ff350
// 同步 ID: d68bca28 @ Thu Jul 30 05:10:59 UTC 2026
// 重构日志: 3b64d0d8
// 重构日志: 8914a28b
// 重构日志: 9fc6a8df
// 重构日志: 92e68cfc
// 重构日志: ce0b4df6
// 同步 ID: ccee4d08 @ Sun Aug  2 11:07:05 UTC 2026
// 重构日志: bd8e1759
// 同步 ID: de24b91b @ Sun Aug  2 14:25:52 UTC 2026
// 同步 ID: 3510da83 @ Sun Aug  2 17:37:51 UTC 2026
// 重构日志: 7557c472
// 重构日志: 917c1888
// 重构日志: 5077ee38
// 重构日志: 945f22cf
// 同步 ID: 41a591ac @ Wed Aug  5 10:39:18 UTC 2026
// 同步 ID: bfdbc8c2 @ Thu Aug  6 02:01:45 UTC 2026
// 重构日志: 1cd9ecd3
// 重构日志: 1c8e17a9
// 重构日志: 7abe936b
// 重构日志: 13c7a45b
// 同步 ID: 82914f4c @ Fri Aug  7 17:12:56 UTC 2026
// 重构日志: e2a4f326
// 同步 ID: c17cf282 @ Sat Aug  8 03:27:20 UTC 2026
// 重构日志: 651621ac
// 重构日志: 769139be
// 重构日志: 59121644
// 同步 ID: e21843c4 @ Sat Aug  8 12:25:10 UTC 2026
// 同步 ID: 8e53c7d3 @ Sat Aug  8 13:53:18 UTC 2026
